
> artist-marketplace@0.1.0 build
> next build

▲ Next.js 16.2.6 (Turbopack)
- Environments: .env.local

  Creating an optimized production build ...
✓ Compiled successfully in 3.8min
  Running TypeScript ...
  Finished TypeScript in 101s ...
  Collecting page data using 3 workers ...
  Generating static pages using 3 workers (0/24) ...
  Generating static pages using 3 workers (6/24) 
  Generating static pages using 3 workers (12/24) 
  Generating static pages using 3 workers (18/24) 
✓ Generating static pages using 3 workers (24/24) in 34.4s
  Finalizing page optimization ...

Route (app)
┌ ○ /
├ ○ /_not-found
├ ○ /admin
├ ○ /ai
├ ƒ /api/auth/register
├ ƒ /api/auth/send-otp
├ ƒ /api/auth/verify-otp
├ ○ /artists
├ ● /artists/[id]
│ ├ /artists/maria-santos
│ └ /artists/juan-delacruz
├ ○ /auth
├ ○ /auth/callback
├ ƒ /auth/login
├ ○ /auth/register
├ ○ /auth/verify
├ ○ /community
├ ○ /dashboard
├ ○ /discover
├ ○ /live
├ ○ /marketplace
├ ● /marketplace/[id]
│ ├ /marketplace/digital-portrait-commision
│ └ /marketplace/branding-pack-design
└ ○ /verse


○  (Static)   prerendered as static content
●  (SSG)      prerendered as static HTML (uses generateStaticParams)
ƒ  (Dynamic)  server-rendered on demand

